# 备份排除列表
./run
./tmp
./cache
./log
./logs
./opkg-lists
./rc.d
./config/.running
*.log
*.lock
*.template
*.bak
*.tmp
*.pid
*.sock
.gitkeep
.placeholder
.keepme
*.keep
LOG
LOCK
*.db-shm
*.db-wal
*.sqlite-shm
*.sqlite-wal
*.main
./acpi
./aria2
./avahi
./board.d
./capabilities
./chatscripts
./custom_service
./dbus-1
./ddns-go
./docker
./dropbear
./gcom
./hotplug.d
./iproute2
./luci-uploads
./modprobe.d
./modules-boot.d
./modules.d
./nftables.d
./odhcp6c.user.d
./openconnect
./opkg
./pam.d
./php8
./ppp
./profile.d
./rc.button
./rc.d
./security
./smartdns
./ssl
./sysctl.d
./uci-defaults
./udhcpc.user.d
./zerotier
balance_irq
banner
banner.failsafe
bash.bashrc
bench.log
board.json
coremark.sh
device_info
diag.sh
dnsmasq.conf
e2fsck.conf
environment
ethers
exports
filesystems
flippy-openwrt-release
fstab
group
hosts
hotplug-preinit.json
hotplug.json
inittab
localtime
model_database.conf
model_database.txt
modules.conf
mtab
netconfig
odhcp6c.user
openwrt_release
openwrt_version
ophub-release
opkg.conf
os-release
pam.conf
passwd
php.ini
preinit
profile
protocols
rc.common
rc.local
resolv.conf
services
shadow
shells
shinit
sysctl.conf
syslog.conf
sysupgrade.conf
udhcpc.user
urandom.seed
usb-mode.json
xattr.conf
TZ

